
> mindfuel@0.1.0 build
> next build

   ▲ Next.js 15.3.1
   - Environments: .env.local

   Creating an optimized production build ...
> [PWA] Compile server
> [PWA] Compile server
> [PWA] Compile client (static)
> [PWA] Auto register service worker with: /home/nuel/Projects/mindfuel/node_modules/next-pwa/register.js
> [PWA] Service worker: /home/nuel/Projects/mindfuel/public/sw.js
> [PWA]   url: /sw.js
> [PWA]   scope: /


Retrying 1/3...


Retrying 2/3...


Retrying 1/3...


Retrying 1/3...


Retrying 2/3...


Retrying 2/3...
 ✓ Compiled successfully in 49s
   Linting and checking validity of types ...

Failed to compile.

./app/explore/page.tsx
4:36  Error: 'Loader2' is defined but never used.  @typescript-eslint/no-unused-vars

./app/page.tsx
6:20  Error: 'Loader2' is defined but never used.  @typescript-eslint/no-unused-vars
97:13  Warning: Using `<img>` could result in slower LCP and higher bandwidth. Consider using `<Image />` from `next/image` or a custom image loader to automatically optimize images. This may incur additional usage or cost from your provider. See: https://nextjs.org/docs/messages/no-img-element  @next/next/no-img-element
138:17  Warning: Using `<img>` could result in slower LCP and higher bandwidth. Consider using `<Image />` from `next/image` or a custom image loader to automatically optimize images. This may incur additional usage or cost from your provider. See: https://nextjs.org/docs/messages/no-img-element  @next/next/no-img-element

info  - Need to disable some ESLint rules? Learn more here: https://nextjs.org/docs/app/api-reference/config/eslint#disabling-rules
